// Jest Snapshot v1, https://goo.gl/fbAQLP

exports[`should have correct text 1`] = `
Array [
  <main
    className="MuiContainer-root MuiContainer-maxWidthMd"
  >
    <div
      className="makeStyles-paper-3"
    >
      <div
        className="MuiAvatar-root MuiAvatar-circle makeStyles-avatar-4 MuiAvatar-colorDefault"
      >
        <svg
          aria-hidden={true}
          className="MuiSvgIcon-root"
          focusable="false"
          viewBox="0 0 24 24"
        >
          <path
            d="M19 3h-4.18C14.4 1.84 13.3 1 12 1c-1.3 0-2.4.84-2.82 2H5c-1.1 0-2 .9-2 2v14c0 1.1.9 2 2 2h14c1.1 0 2-.9 2-2V5c0-1.1-.9-2-2-2zm-7 0c.55 0 1 .45 1 1s-.45 1-1 1-1-.45-1-1 .45-1 1-1zm2 14H7v-2h7v2zm3-4H7v-2h10v2zm0-4H7V7h10v2z"
          />
        </svg>
      </div>
      <h1
        className="MuiTypography-root MuiTypography-h5"
      >
        Manage individual airbox tasks
      </h1>
    </div>
  </main>,
  <div
    className="MuiContainer-root MuiContainer-maxWidthLg"
  >
    <div
      className="MuiPaper-root MuiExpansionPanel-root MuiExpansionPanel-rounded MuiPaper-elevation1 MuiPaper-rounded"
    >
      <div
        aria-controls="geta-content"
        aria-disabled={false}
        aria-expanded={false}
        className="MuiButtonBase-root MuiExpansionPanelSummary-root"
        id="geta-header"
        onBlur={[Function]}
        onClick={[Function]}
        onDragLeave={[Function]}
        onFocus={[Function]}
        onKeyDown={[Function]}
        onKeyUp={[Function]}
        onMouseDown={[Function]}
        onMouseLeave={[Function]}
        onMouseUp={[Function]}
        onTouchEnd={[Function]}
        onTouchMove={[Function]}
        onTouchStart={[Function]}
        role="button"
        tabIndex={0}
      >
        <div
          className="MuiExpansionPanelSummary-content"
        >
          <p
            className="MuiTypography-root makeStyles-heading-2 MuiTypography-body1"
          >
            Get or delete individual tasks
          </p>
        </div>
        <div
          aria-disabled={false}
          aria-hidden={true}
          className="MuiButtonBase-root MuiIconButton-root MuiExpansionPanelSummary-expandIcon MuiIconButton-edgeEnd"
          onBlur={[Function]}
          onDragLeave={[Function]}
          onFocus={[Function]}
          onKeyDown={[Function]}
          onKeyUp={[Function]}
          onMouseDown={[Function]}
          onMouseLeave={[Function]}
          onMouseUp={[Function]}
          onTouchEnd={[Function]}
          onTouchMove={[Function]}
          onTouchStart={[Function]}
          role={null}
          tabIndex={null}
        >
          <span
            className="MuiIconButton-label"
          >
            <svg
              aria-hidden={true}
              className="MuiSvgIcon-root"
              focusable="false"
              viewBox="0 0 24 24"
            >
              <path
                d="M16.59 8.59L12 13.17 7.41 8.59 6 10l6 6 6-6z"
              />
            </svg>
          </span>
        </div>
      </div>
      <div
        className="MuiCollapse-container MuiCollapse-hidden"
        style={
          Object {
            "minHeight": "0px",
          }
        }
      >
        <div
          className="MuiCollapse-wrapper"
        >
          <div
            className="MuiCollapse-wrapperInner"
          >
            <div
              aria-labelledby="geta-header"
              id="geta-content"
              role="region"
            >
              <div
                className="MuiExpansionPanelDetails-root"
              >
                <form
                  className="makeStyles-form-14"
                  noValidate={true}
                >
                  <div
                    className="MuiGrid-root MuiGrid-container MuiGrid-spacing-xs-2 MuiGrid-align-items-xs-center MuiGrid-justify-xs-center"
                  >
                    <div
                      className="MuiGrid-root MuiGrid-item MuiGrid-grid-xs-12 MuiGrid-grid-md-6"
                    >
                      <div
                        className="MuiFormControl-root MuiTextField-root MuiFormControl-fullWidth"
                      >
                        <label
                          className="MuiFormLabel-root MuiInputLabel-root MuiInputLabel-formControl MuiInputLabel-animated MuiInputLabel-outlined Mui-required Mui-required"
                          data-shrink={false}
                          htmlFor="abxTaskId"
                          id="abxTaskId-label"
                        >
                          Airbox taskId
                          <span
                            aria-hidden={true}
                            className="MuiFormLabel-asterisk MuiInputLabel-asterisk"
                          >
                             
                            *
                          </span>
                        </label>
                        <div
                          className="MuiInputBase-root MuiOutlinedInput-root MuiInputBase-fullWidth MuiInputBase-formControl"
                          onClick={[Function]}
                        >
                          <input
                            aria-invalid={false}
                            autoComplete="Airbox taskId"
                            autoFocus={true}
                            className="MuiInputBase-input MuiOutlinedInput-input"
                            disabled={false}
                            id="abxTaskId"
                            name="abxTaskId"
                            onAnimationStart={[Function]}
                            onBlur={[Function]}
                            onChange={[Function]}
                            onFocus={[Function]}
                            placeholder="Airbox taskId"
                            required={true}
                            type="text"
                            value=""
                          />
                          <fieldset
                            aria-hidden={true}
                            className="PrivateNotchedOutline-root-19 MuiOutlinedInput-notchedOutline"
                          >
                            <legend
                              className="PrivateNotchedOutline-legendLabelled-21"
                            >
                              <span>
                                Airbox taskId
                                 *
                              </span>
                            </legend>
                          </fieldset>
                        </div>
                        
                      </div>
                    </div>
                  </div>
                  <div
                    className="MuiGrid-root MuiGrid-container MuiGrid-align-items-xs-center MuiGrid-justify-xs-center"
                  >
                    <div
                      className="MuiGrid-root MuiGrid-item MuiGrid-grid-xs-12 MuiGrid-grid-md-6"
                    >
                      <button
                        className="MuiButtonBase-root MuiButton-root MuiButton-contained makeStyles-submit-17 MuiButton-containedPrimary"
                        disabled={false}
                        id="getTask"
                        onBlur={[Function]}
                        onClick={[Function]}
                        onDragLeave={[Function]}
                        onFocus={[Function]}
                        onKeyDown={[Function]}
                        onKeyUp={[Function]}
                        onMouseDown={[Function]}
                        onMouseLeave={[Function]}
                        onMouseUp={[Function]}
                        onTouchEnd={[Function]}
                        onTouchMove={[Function]}
                        onTouchStart={[Function]}
                        tabIndex={0}
                        type="submit"
                      >
                        <span
                          className="MuiButton-label"
                        >
                          <span
                            className="MuiButton-startIcon MuiButton-iconSizeMedium"
                          >
                            <svg
                              aria-hidden={true}
                              className="MuiSvgIcon-root"
                              focusable="false"
                              viewBox="0 0 24 24"
                            >
                              <path
                                d="M21 10.12h-6.78l2.74-2.82c-2.73-2.7-7.15-2.8-9.88-.1-2.73 2.71-2.73 7.08 0 9.79s7.15 2.71 9.88 0C18.32 15.65 19 14.08 19 12.1h2c0 1.98-.88 4.55-2.64 6.29-3.51 3.48-9.21 3.48-12.72 0-3.5-3.47-3.53-9.11-.02-12.58s9.14-3.47 12.65 0L21 3v7.12zM12.5 8v4.25l3.5 2.08-.72 1.21L11 13V8h1.5z"
                              />
                            </svg>
                          </span>
                          Get task
                        </span>
                      </button>
                      <button
                        className="MuiButtonBase-root MuiButton-root MuiButton-outlined makeStyles-cancel-18 MuiButton-outlinedPrimary"
                        disabled={false}
                        id="deleteTask"
                        onBlur={[Function]}
                        onClick={[Function]}
                        onDragLeave={[Function]}
                        onFocus={[Function]}
                        onKeyDown={[Function]}
                        onKeyUp={[Function]}
                        onMouseDown={[Function]}
                        onMouseLeave={[Function]}
                        onMouseUp={[Function]}
                        onTouchEnd={[Function]}
                        onTouchMove={[Function]}
                        onTouchStart={[Function]}
                        tabIndex={0}
                        type="button"
                      >
                        <span
                          className="MuiButton-label"
                        >
                          <span
                            className="MuiButton-startIcon MuiButton-iconSizeMedium"
                          >
                            <svg
                              aria-hidden={true}
                              className="MuiSvgIcon-root"
                              focusable="false"
                              viewBox="0 0 24 24"
                            >
                              <path
                                d="M6 19c0 1.1.9 2 2 2h8c1.1 0 2-.9 2-2V7H6v12zM19 4h-3.5l-1-1h-5l-1 1H5v2h14V4z"
                              />
                            </svg>
                          </span>
                          Delete task
                        </span>
                      </button>
                    </div>
                  </div>
                </form>
              </div>
            </div>
          </div>
        </div>
      </div>
    </div>
    <div
      className="MuiPaper-root MuiExpansionPanel-root MuiExpansionPanel-rounded MuiPaper-elevation1 MuiPaper-rounded"
    >
      <div
        aria-controls="updatea-content"
        aria-disabled={false}
        aria-expanded={false}
        className="MuiButtonBase-root MuiExpansionPanelSummary-root"
        id="updatea-header"
        onBlur={[Function]}
        onClick={[Function]}
        onDragLeave={[Function]}
        onFocus={[Function]}
        onKeyDown={[Function]}
        onKeyUp={[Function]}
        onMouseDown={[Function]}
        onMouseLeave={[Function]}
        onMouseUp={[Function]}
        onTouchEnd={[Function]}
        onTouchMove={[Function]}
        onTouchStart={[Function]}
        role="button"
        tabIndex={0}
      >
        <div
          className="MuiExpansionPanelSummary-content"
        >
          <p
            className="MuiTypography-root makeStyles-heading-2 MuiTypography-body1"
          >
            Update individual task
          </p>
        </div>
        <div
          aria-disabled={false}
          aria-hidden={true}
          className="MuiButtonBase-root MuiIconButton-root MuiExpansionPanelSummary-expandIcon MuiIconButton-edgeEnd"
          onBlur={[Function]}
          onDragLeave={[Function]}
          onFocus={[Function]}
          onKeyDown={[Function]}
          onKeyUp={[Function]}
          onMouseDown={[Function]}
          onMouseLeave={[Function]}
          onMouseUp={[Function]}
          onTouchEnd={[Function]}
          onTouchMove={[Function]}
          onTouchStart={[Function]}
          role={null}
          tabIndex={null}
        >
          <span
            className="MuiIconButton-label"
          >
            <svg
              aria-hidden={true}
              className="MuiSvgIcon-root"
              focusable="false"
              viewBox="0 0 24 24"
            >
              <path
                d="M16.59 8.59L12 13.17 7.41 8.59 6 10l6 6 6-6z"
              />
            </svg>
          </span>
        </div>
      </div>
      <div
        className="MuiCollapse-container MuiCollapse-hidden"
        style={
          Object {
            "minHeight": "0px",
          }
        }
      >
        <div
          className="MuiCollapse-wrapper"
        >
          <div
            className="MuiCollapse-wrapperInner"
          >
            <div
              aria-labelledby="updatea-header"
              id="updatea-content"
              role="region"
            >
              <div
                className="MuiExpansionPanelDetails-root"
              >
                <form
                  className="makeStyles-form-27"
                  noValidate={true}
                  onSubmit={[Function]}
                >
                  <div
                    className="MuiGrid-root MuiGrid-container MuiGrid-spacing-xs-2 MuiGrid-align-items-xs-center MuiGrid-justify-xs-center"
                  >
                    <div
                      className="MuiGrid-root MuiGrid-item MuiGrid-grid-xs-12 MuiGrid-grid-md-6"
                    >
                      <div
                        className="MuiFormControl-root MuiTextField-root MuiFormControl-fullWidth"
                      >
                        <label
                          className="MuiFormLabel-root MuiInputLabel-root MuiInputLabel-formControl MuiInputLabel-animated MuiInputLabel-outlined Mui-required Mui-required"
                          data-shrink={false}
                          htmlFor="abxTaskId"
                          id="abxTaskId-label"
                        >
                          Abx task id
                          <span
                            aria-hidden={true}
                            className="MuiFormLabel-asterisk MuiInputLabel-asterisk"
                          >
                             
                            *
                          </span>
                        </label>
                        <div
                          className="MuiInputBase-root MuiOutlinedInput-root MuiInputBase-fullWidth MuiInputBase-formControl"
                          onClick={[Function]}
                        >
                          <input
                            aria-invalid={false}
                            autoComplete="Abx task id"
                            autoFocus={true}
                            className="MuiInputBase-input MuiOutlinedInput-input"
                            disabled={false}
                            id="abxTaskId"
                            name="abxTaskId"
                            onAnimationStart={[Function]}
                            onBlur={[Function]}
                            onChange={[Function]}
                            onFocus={[Function]}
                            placeholder="Abx task id"
                            required={true}
                            type="text"
                            value=""
                          />
                          <fieldset
                            aria-hidden={true}
                            className="PrivateNotchedOutline-root-19 MuiOutlinedInput-notchedOutline"
                          >
                            <legend
                              className="PrivateNotchedOutline-legendLabelled-21"
                            >
                              <span>
                                Abx task id
                                 *
                              </span>
                            </legend>
                          </fieldset>
                        </div>
                        
                      </div>
                    </div>
                  </div>
                  <div
                    className="MuiGrid-root MuiGrid-container MuiGrid-spacing-xs-2 MuiGrid-align-items-xs-center MuiGrid-justify-xs-center"
                  >
                    <div
                      className="MuiGrid-root MuiGrid-item MuiGrid-grid-xs-12 MuiGrid-grid-md-6"
                    >
                      <div
                        className="MuiFormControl-root MuiTextField-root MuiFormControl-fullWidth"
                      >
                        <label
                          className="MuiFormLabel-root MuiInputLabel-root MuiInputLabel-formControl MuiInputLabel-animated MuiInputLabel-outlined"
                          data-shrink={false}
                          htmlFor="organisationTaskId"
                          id="organisationTaskId-label"
                        >
                          Organisation task id
                        </label>
                        <div
                          className="MuiInputBase-root MuiOutlinedInput-root MuiInputBase-fullWidth MuiInputBase-formControl"
                          onClick={[Function]}
                        >
                          <input
                            aria-invalid={false}
                            autoComplete="Organisation task id"
                            autoFocus={false}
                            className="MuiInputBase-input MuiOutlinedInput-input"
                            disabled={false}
                            id="organisationTaskId"
                            name="organisationTaskId"
                            onAnimationStart={[Function]}
                            onBlur={[Function]}
                            onChange={[Function]}
                            onFocus={[Function]}
                            placeholder="Organisation task id"
                            required={false}
                            type="text"
                            value=""
                          />
                          <fieldset
                            aria-hidden={true}
                            className="PrivateNotchedOutline-root-19 MuiOutlinedInput-notchedOutline"
                          >
                            <legend
                              className="PrivateNotchedOutline-legendLabelled-21"
                            >
                              <span>
                                Organisation task id
                              </span>
                            </legend>
                          </fieldset>
                        </div>
                      </div>
                    </div>
                  </div>
                  <div
                    className="MuiGrid-root MuiGrid-container MuiGrid-spacing-xs-2 MuiGrid-align-items-xs-center MuiGrid-justify-xs-center"
                  >
                    <div
                      className="MuiGrid-root MuiGrid-item MuiGrid-grid-xs-12 MuiGrid-grid-md-6"
                    >
                      <div
                        className="MuiFormControl-root MuiTextField-root MuiFormControl-fullWidth"
                      >
                        <label
                          className="MuiFormLabel-root MuiInputLabel-root MuiInputLabel-formControl MuiInputLabel-animated MuiInputLabel-outlined"
                          data-shrink={false}
                          htmlFor="organisationId"
                          id="organisationId-label"
                        >
                          Organisation id
                        </label>
                        <div
                          className="MuiInputBase-root MuiOutlinedInput-root MuiInputBase-fullWidth MuiInputBase-formControl"
                          onClick={[Function]}
                        >
                          <input
                            aria-invalid={false}
                            autoComplete="Organisation id"
                            autoFocus={false}
                            className="MuiInputBase-input MuiOutlinedInput-input"
                            disabled={false}
                            id="organisationId"
                            name="organisationId"
                            onAnimationStart={[Function]}
                            onBlur={[Function]}
                            onChange={[Function]}
                            onFocus={[Function]}
                            placeholder="Organisation id"
                            required={false}
                            type="text"
                            value=""
                          />
                          <fieldset
                            aria-hidden={true}
                            className="PrivateNotchedOutline-root-19 MuiOutlinedInput-notchedOutline"
                          >
                            <legend
                              className="PrivateNotchedOutline-legendLabelled-21"
                            >
                              <span>
                                Organisation id
                              </span>
                            </legend>
                          </fieldset>
                        </div>
                      </div>
                    </div>
                  </div>
                  <div
                    className="MuiGrid-root MuiGrid-container MuiGrid-spacing-xs-2 MuiGrid-align-items-xs-center MuiGrid-justify-xs-center"
                  >
                    <div
                      className="MuiGrid-root MuiGrid-item MuiGrid-grid-xs-12 MuiGrid-grid-md-6"
                    >
                      <div
                        className="MuiFormControl-root MuiTextField-root MuiFormControl-fullWidth"
                      >
                        <label
                          className="MuiFormLabel-root MuiInputLabel-root MuiInputLabel-formControl MuiInputLabel-animated MuiInputLabel-outlined"
                          data-shrink={false}
                          htmlFor="priority"
                          id="priority-label"
                        >
                          Priority
                        </label>
                        <div
                          className="MuiInputBase-root MuiOutlinedInput-root MuiInputBase-fullWidth MuiInputBase-formControl"
                          onClick={[Function]}
                        >
                          <input
                            aria-invalid={false}
                            autoComplete="Priority"
                            autoFocus={false}
                            className="MuiInputBase-input MuiOutlinedInput-input"
                            disabled={false}
                            id="priority"
                            name="priority"
                            onAnimationStart={[Function]}
                            onBlur={[Function]}
                            onChange={[Function]}
                            onFocus={[Function]}
                            placeholder="Priority"
                            required={false}
                            type="text"
                            value=""
                          />
                          <fieldset
                            aria-hidden={true}
                            className="PrivateNotchedOutline-root-19 MuiOutlinedInput-notchedOutline"
                          >
                            <legend
                              className="PrivateNotchedOutline-legendLabelled-21"
                            >
                              <span>
                                Priority
                              </span>
                            </legend>
                          </fieldset>
                        </div>
                      </div>
                    </div>
                  </div>
                  <div
                    className="MuiGrid-root MuiGrid-container MuiGrid-spacing-xs-2 MuiGrid-align-items-xs-center MuiGrid-justify-xs-center"
                  >
                    <div
                      className="MuiGrid-root MuiGrid-item MuiGrid-grid-xs-12 MuiGrid-grid-md-6"
                    >
                      <div
                        className="MuiFormControl-root MuiTextField-root MuiFormControl-fullWidth"
                      >
                        <label
                          className="MuiFormLabel-root MuiInputLabel-root MuiInputLabel-formControl MuiInputLabel-animated MuiInputLabel-outlined"
                          data-shrink={false}
                          htmlFor="taskStatus"
                          id="taskStatus-label"
                        >
                          Task status
                        </label>
                        <div
                          className="MuiInputBase-root MuiOutlinedInput-root MuiInputBase-fullWidth MuiInputBase-formControl"
                          onClick={[Function]}
                        >
                          <input
                            aria-invalid={false}
                            autoComplete="Task status"
                            autoFocus={false}
                            className="MuiInputBase-input MuiOutlinedInput-input"
                            disabled={false}
                            id="taskStatus"
                            name="taskStatus"
                            onAnimationStart={[Function]}
                            onBlur={[Function]}
                            onChange={[Function]}
                            onFocus={[Function]}
                            placeholder="Task status"
                            required={false}
                            type="text"
                            value=""
                          />
                          <fieldset
                            aria-hidden={true}
                            className="PrivateNotchedOutline-root-19 MuiOutlinedInput-notchedOutline"
                          >
                            <legend
                              className="PrivateNotchedOutline-legendLabelled-21"
                            >
                              <span>
                                Task status
                              </span>
                            </legend>
                          </fieldset>
                        </div>
                      </div>
                    </div>
                  </div>
                  <div
                    className="MuiGrid-root MuiGrid-container MuiGrid-spacing-xs-2 MuiGrid-align-items-xs-center MuiGrid-justify-xs-center"
                  >
                    <div
                      className="MuiGrid-root MuiGrid-item MuiGrid-grid-xs-12 MuiGrid-grid-md-6"
                    >
                      <div
                        className="MuiFormControl-root MuiTextField-root MuiFormControl-fullWidth"
                      >
                        <label
                          className="MuiFormLabel-root MuiInputLabel-root MuiInputLabel-formControl MuiInputLabel-animated MuiInputLabel-outlined"
                          data-shrink={false}
                          htmlFor="assignedTo"
                          id="assignedTo-label"
                        >
                          Assigned to
                        </label>
                        <div
                          className="MuiInputBase-root MuiOutlinedInput-root MuiInputBase-fullWidth MuiInputBase-formControl"
                          onClick={[Function]}
                        >
                          <input
                            aria-invalid={false}
                            autoComplete="Assigned to"
                            autoFocus={false}
                            className="MuiInputBase-input MuiOutlinedInput-input"
                            disabled={false}
                            id="assignedTo"
                            name="assignedTo"
                            onAnimationStart={[Function]}
                            onBlur={[Function]}
                            onChange={[Function]}
                            onFocus={[Function]}
                            placeholder="Assigned to"
                            required={false}
                            type="text"
                            value=""
                          />
                          <fieldset
                            aria-hidden={true}
                            className="PrivateNotchedOutline-root-19 MuiOutlinedInput-notchedOutline"
                          >
                            <legend
                              className="PrivateNotchedOutline-legendLabelled-21"
                            >
                              <span>
                                Assigned to
                              </span>
                            </legend>
                          </fieldset>
                        </div>
                      </div>
                    </div>
                  </div>
                  <div
                    className="MuiGrid-root MuiGrid-container MuiGrid-spacing-xs-2 MuiGrid-align-items-xs-center MuiGrid-justify-xs-center"
                  >
                    <div
                      className="MuiGrid-root MuiGrid-item MuiGrid-grid-xs-12 MuiGrid-grid-md-6"
                    >
                      <div
                        className="MuiFormControl-root MuiTextField-root MuiFormControl-fullWidth"
                      >
                        <label
                          className="MuiFormLabel-root MuiInputLabel-root MuiInputLabel-formControl MuiInputLabel-animated MuiInputLabel-outlined"
                          data-shrink={false}
                          htmlFor="latitude"
                          id="latitude-label"
                        >
                          latitude
                        </label>
                        <div
                          className="MuiInputBase-root MuiOutlinedInput-root MuiInputBase-fullWidth MuiInputBase-formControl"
                          onClick={[Function]}
                        >
                          <input
                            aria-invalid={false}
                            autoComplete="latitude"
                            autoFocus={false}
                            className="MuiInputBase-input MuiOutlinedInput-input"
                            disabled={false}
                            id="latitude"
                            name="latitude"
                            onAnimationStart={[Function]}
                            onBlur={[Function]}
                            onChange={[Function]}
                            onFocus={[Function]}
                            placeholder="latitude"
                            required={false}
                            type="text"
                            value=""
                          />
                          <fieldset
                            aria-hidden={true}
                            className="PrivateNotchedOutline-root-19 MuiOutlinedInput-notchedOutline"
                          >
                            <legend
                              className="PrivateNotchedOutline-legendLabelled-21"
                            >
                              <span>
                                latitude
                              </span>
                            </legend>
                          </fieldset>
                        </div>
                      </div>
                    </div>
                  </div>
                   
                  <div
                    className="MuiGrid-root MuiGrid-container MuiGrid-spacing-xs-2 MuiGrid-align-items-xs-center MuiGrid-justify-xs-center"
                  >
                    <div
                      className="MuiGrid-root MuiGrid-item MuiGrid-grid-xs-12 MuiGrid-grid-md-6"
                    >
                      <div
                        className="MuiFormControl-root MuiTextField-root MuiFormControl-fullWidth"
                      >
                        <label
                          className="MuiFormLabel-root MuiInputLabel-root MuiInputLabel-formControl MuiInputLabel-animated MuiInputLabel-outlined"
                          data-shrink={false}
                          htmlFor="longitude"
                          id="longitude-label"
                        >
                          longitude
                        </label>
                        <div
                          className="MuiInputBase-root MuiOutlinedInput-root MuiInputBase-fullWidth MuiInputBase-formControl"
                          onClick={[Function]}
                        >
                          <input
                            aria-invalid={false}
                            autoComplete="longitude"
                            autoFocus={false}
                            className="MuiInputBase-input MuiOutlinedInput-input"
                            disabled={false}
                            id="longitude"
                            name="longitude"
                            onAnimationStart={[Function]}
                            onBlur={[Function]}
                            onChange={[Function]}
                            onFocus={[Function]}
                            placeholder="longitude"
                            required={false}
                            type="text"
                            value=""
                          />
                          <fieldset
                            aria-hidden={true}
                            className="PrivateNotchedOutline-root-19 MuiOutlinedInput-notchedOutline"
                          >
                            <legend
                              className="PrivateNotchedOutline-legendLabelled-21"
                            >
                              <span>
                                longitude
                              </span>
                            </legend>
                          </fieldset>
                        </div>
                      </div>
                    </div>
                  </div>
                   
                  <div
                    className="MuiGrid-root MuiGrid-container MuiGrid-spacing-xs-2 MuiGrid-align-items-xs-center MuiGrid-justify-xs-center"
                  >
                    <div
                      className="MuiGrid-root MuiGrid-item MuiGrid-grid-xs-12 MuiGrid-grid-md-6"
                    >
                      <div
                        className="MuiFormControl-root MuiTextField-root MuiFormControl-fullWidth"
                      >
                        <label
                          className="MuiFormLabel-root MuiInputLabel-root MuiInputLabel-formControl MuiInputLabel-animated MuiInputLabel-outlined"
                          data-shrink={false}
                          htmlFor="taskSummary"
                          id="taskSummary-label"
                        >
                          Task summary
                        </label>
                        <div
                          className="MuiInputBase-root MuiOutlinedInput-root MuiInputBase-fullWidth MuiInputBase-formControl"
                          onClick={[Function]}
                        >
                          <input
                            aria-invalid={false}
                            autoComplete="Task summary"
                            autoFocus={false}
                            className="MuiInputBase-input MuiOutlinedInput-input"
                            disabled={false}
                            id="taskSummary"
                            name="taskSummary"
                            onAnimationStart={[Function]}
                            onBlur={[Function]}
                            onChange={[Function]}
                            onFocus={[Function]}
                            placeholder="Task summary"
                            required={false}
                            type="text"
                            value=""
                          />
                          <fieldset
                            aria-hidden={true}
                            className="PrivateNotchedOutline-root-19 MuiOutlinedInput-notchedOutline"
                          >
                            <legend
                              className="PrivateNotchedOutline-legendLabelled-21"
                            >
                              <span>
                                Task summary
                              </span>
                            </legend>
                          </fieldset>
                        </div>
                      </div>
                    </div>
                  </div>
                   
                  <div
                    className="MuiGrid-root MuiGrid-container MuiGrid-spacing-xs-2 MuiGrid-align-items-xs-center MuiGrid-justify-xs-center"
                  >
                    <div
                      className="MuiGrid-root MuiGrid-item MuiGrid-grid-xs-12 MuiGrid-grid-md-6"
                    >
                      <div
                        className="MuiFormControl-root MuiTextField-root MuiFormControl-fullWidth"
                      >
                        <label
                          className="MuiFormLabel-root MuiInputLabel-root MuiInputLabel-formControl MuiInputLabel-animated MuiInputLabel-outlined"
                          data-shrink={false}
                          htmlFor="taskDescription"
                          id="taskDescription-label"
                        >
                          Task description
                        </label>
                        <div
                          className="MuiInputBase-root MuiOutlinedInput-root MuiInputBase-fullWidth MuiInputBase-formControl"
                          onClick={[Function]}
                        >
                          <input
                            aria-invalid={false}
                            autoComplete="Task description"
                            autoFocus={false}
                            className="MuiInputBase-input MuiOutlinedInput-input"
                            disabled={false}
                            id="taskDescription"
                            name="taskDescription"
                            onAnimationStart={[Function]}
                            onBlur={[Function]}
                            onChange={[Function]}
                            onFocus={[Function]}
                            placeholder="Task description"
                            required={false}
                            type="text"
                            value=""
                          />
                          <fieldset
                            aria-hidden={true}
                            className="PrivateNotchedOutline-root-19 MuiOutlinedInput-notchedOutline"
                          >
                            <legend
                              className="PrivateNotchedOutline-legendLabelled-21"
                            >
                              <span>
                                Task description
                              </span>
                            </legend>
                          </fieldset>
                        </div>
                      </div>
                    </div>
                  </div>
                  <div
                    className="MuiGrid-root MuiGrid-container MuiGrid-align-items-xs-center MuiGrid-justify-xs-center"
                  >
                    <div
                      className="MuiGrid-root MuiGrid-item MuiGrid-grid-xs-12 MuiGrid-grid-md-6"
                    >
                      <button
                        className="MuiButtonBase-root MuiButton-root MuiButton-contained makeStyles-submit-30 MuiButton-containedPrimary"
                        disabled={false}
                        onBlur={[Function]}
                        onDragLeave={[Function]}
                        onFocus={[Function]}
                        onKeyDown={[Function]}
                        onKeyUp={[Function]}
                        onMouseDown={[Function]}
                        onMouseLeave={[Function]}
                        onMouseUp={[Function]}
                        onTouchEnd={[Function]}
                        onTouchMove={[Function]}
                        onTouchStart={[Function]}
                        tabIndex={0}
                        type="submit"
                      >
                        <span
                          className="MuiButton-label"
                        >
                          <span
                            className="MuiButton-startIcon MuiButton-iconSizeMedium"
                          >
                            <svg
                              aria-hidden={true}
                              className="MuiSvgIcon-root"
                              focusable="false"
                              viewBox="0 0 24 24"
                            >
                              <path
                                d="M21 10.12h-6.78l2.74-2.82c-2.73-2.7-7.15-2.8-9.88-.1-2.73 2.71-2.73 7.08 0 9.79s7.15 2.71 9.88 0C18.32 15.65 19 14.08 19 12.1h2c0 1.98-.88 4.55-2.64 6.29-3.51 3.48-9.21 3.48-12.72 0-3.5-3.47-3.53-9.11-.02-12.58s9.14-3.47 12.65 0L21 3v7.12zM12.5 8v4.25l3.5 2.08-.72 1.21L11 13V8h1.5z"
                              />
                            </svg>
                          </span>
                          Update task
                        </span>
                      </button>
                    </div>
                  </div>
                </form>
              </div>
            </div>
          </div>
        </div>
      </div>
    </div>
  </div>,
]
`;
